// Jest Snapshot v1, https://goo.gl/fbAQLP

exports[`Header should renders without crashing  1`] = `
<DocumentFragment>
  <header
    class="Header"
  >
    <h1
      class="heading"
    >
      My 
      <strong>
        Record
      </strong>
       Shelf
    </h1>
  </header>
</DocumentFragment>
`;
